// Jest Snapshot v1, https://jestjs.io/docs/snapshot-testing

exports[`CharacterCard renders CharacterCard and matches snapshot 1`] = `
<div>
  <div
    class=""
  >
    <h3
      class="text-2xl"
    >
      Character #
      1
    </h3>
    <ul
      class="grid grid-cols-1 sm:grid-cols-2 gap-4 border-4"
    >
      <div
        class="
      p-2 border rounded-md lg:flex lg:gap-1
      cursor-not-allowed opacity-50
      text-blue-500 font-bold
    "
      >
        <div
          class="w-full lg:w-1/2"
        >
          <img
            alt="Rick Sanchez"
            class="w-full h-auto"
            data-nimg="1"
            decoding="async"
            height="300"
            loading="lazy"
            src="/_next/image?url=https%3A%2F%2Frickandmortyapi.com%2Fapi%2Fcharacter%2Favatar%2F1.jpeg&w=640&q=75"
            srcset="/_next/image?url=https%3A%2F%2Frickandmortyapi.com%2Fapi%2Fcharacter%2Favatar%2F1.jpeg&w=384&q=75 1x, /_next/image?url=https%3A%2F%2Frickandmortyapi.com%2Fapi%2Fcharacter%2Favatar%2F1.jpeg&w=640&q=75 2x"
            style="color: transparent;"
            width="300"
          />
        </div>
        <div
          class="lg:w-1/2"
        >
          <h4
            class="text-2xl"
          >
            Rick Sanchez
          </h4>
          <div
            class="flex items-center gap-1"
          >
            <div
              class="rounded-full size-3 mb-0.5 bg-green-500"
            />
            <p
              class="capitalize"
            >
              Alive
            </p>
          </div>
          <p>
            Human
          </p>
        </div>
      </div>
    </ul>
  </div>
</div>
`;
