// Jest Snapshot v1, https://jestjs.io/docs/snapshot-testing

exports[`Pagination renders Pagination and matches snapshot 1`] = `
<div>
  <nav
    class="fixed bottom-1/2 w-full left-0 z-10"
  >
    <ul
      class="w-full flex px-2"
    >
      <li
        class="mr-auto text-xl transition duration-300 ease-in-out hover:bg-indigo-800 size-10 rounded-full bg-indigo-500 p-2 flex justify-center items-center"
      >
        <a
          aria-description="Go to previous page"
          href="?page=3"
        >
          &lt;&lt;
        </a>
      </li>
      <li
        class="ml-auto text-xl transition duration-300 ease-in-out hover:bg-indigo-800 size-10 rounded-full bg-indigo-500 p-2 flex justify-center items-center"
      >
        <a
          aria-description="Go to next page"
          href="?page=2"
        >
          &gt;&gt;
        </a>
      </li>
    </ul>
  </nav>
</div>
`;
